CPU [||||||||||||||||            48.8%] Tasks: 214, 863 thr; 3 running
Mem [||||||||||||||||||||||||12.8G/16G] Load: 2.34 1.87 1.42
Swp [|||||||||                 1.2G/4G] Uptime: 6 days, 04:12:38

   PID USER       PRI   NI    VIRT      RES S  CPU%  MEM%     TIME+ Command
     1 root        20    0   0.17G    12.4M S   0.0   0.1   0:14.02 ▾ /sbin/init
   412 root        20    0   0.09G     8.1M S   0.0   0.0   0:02.11    ├─  /usr…
   588 root        20    0   0.24G    18.6M S   0.3   0.1   0:41.87    ├─▸ /usr…
  1802 richard     20    0   3.12G   884.7M S  12.6   5.4  21:07.44    ├─▾ /usr…
  1849 richard     20    0   2.08G   512.2M S   8.3   3.1   9:41.16    │  ├─  f…
  1851 richard     20    0   1.76G   388.9M S   4.1   2.4   6:12.88    │  └─  f…
  1990 postgres    20    0   0.42G   128.4M S   0.8   0.8   3:18.02    ├─▾ post…
  1991 postgres    20    0   0.40G    64.2M S   0.2   0.4   0:48.31    │  ├─  p…
  1992 postgres    20    0   0.40G    58.7M S   0.1   0.3   0:31.09    │  └─  p…
  2140 root        20   -5   0.68G   142.8M S   2.2   0.9   1:02.55    ├─▾ /usr…
  2201 root        20    0   0.52G    88.1M S   0.6   0.5   0:19.74    │  └─  c…
  2388 richard     20    0   0.14G    22.6M S   0.4   0.1   0:07.62    ├─  /usr…
  2401 richard     20    0   0.11G    16.9M S   0.0   0.1   0:01.88    └─  /usr…




  F1 Help · F2 Setup · F3 Search · F4 Filter · F5 Tree · F6 SortBy · F9 Kill · q