CPU [||||||||||||||||            48.8%] Tasks: 214, 863 thr; 3 running
Mem [|||┌──────────────────────────────────────────────────────────────┐
Swp [|||│htop, rebuilt                                                 │
        │                                                              │
   PID U│moving                                                        │and
     1 r│j/k    move                                                   │n/init  
   412 r│t      tree view                                              │/lib/sy…
   588 r│space  fold a subtree                                         │/sbin/s…
  1204 r│                                                              │: richa…
  1207 r│finding                                                       │
  1583 r│F3     search — jump to a match                               │uild ./…
  1601 r│F4     filter — hide the rest                                 │ile -p …
  1602 r│F6     sort by a column                                       │ile -p …
  1618 r│                                                              │ -o /tm…
  1744 r│doing                                                         │ design…
  1802 r│F2     setup — arrange the meters                             │/lib/fi…
  1849 r│F9     send a signal                                          │fox -co…
  1851 r│                                                              │fox -co…
  1990 p│everywhere                                                    │gres: c…
  1991 p│F1/?   this                                                   │gres: w…
  1992 p│q      quit                                                   │gres: a…
  2140 r└──────────────────────────────────────────────────────────────┘/bin/co…
  F1 Help · F2 Setup · F3 Search · F4 Filter · F5 Tree · F6 SortBy · F9 Kill · q