‹ Mine(3) · Needs review(2) · Involved(2) ›
────────────────────────────────────────────────────────────────────────────────────────────────────────────────────────────────────
┌─ is:open author:@me ────────────────────────────────────────────────────────┐ ┌─ tuikit#66 ──────────────────────────────────────┐
│       REPO    TITLE                       AUTHOR                  ±  UPDATED│ │Row.Depth indents Row.Lead                        │
│›   ✓  tuikit  Row.Depth indents Row.Lead  richarddavenport  +84/-12      40m│ │richarddavenport wants to merge row-fixed-column …│
│    ✓  tuikit  comp.Sort: which column a…  richarddavenport  +402/-4       3h│ │  ✓ test                                      41s │
│    ◐  tuikit  Sparkline: a number over …  richarddavenport  +611/-9       5h│ │  ✓ lint                                      22s │
│                                                                             │ │                                                  │
│                                                                             │ │                                                  │
│                                                                             │ │                                                  │
│                                                                             │ │                                                  │
│                                                                             │ │                                                  │
│                                                                             │ │                                                  │
│                                                                             │ │                                                  │
│                                                                             │ │                                                  │
│                                                                             │ │                                                  │
│                                                                             │ │                                                  │
│                                                                             │ │                                                  │
│                                                                             │ │                                                  │
│                                                                             │ │                                                  │
│                                                                             │ │                                                  │
│                                                                             │ │                                                  │
│                                                                             │ │                                                  │
│                                                                             │ │                                                  │
│                                                                             │ │                                                  │
│                                                                             │ │                                                  │
│                                                                             │ │                                                  │
│                                                                             │ │                                                  │
│                                                                             │ │                                                  │
│                                                                             │ │                                                  │
│                                                                             │ │                                                  │
│                                                                             │ │                                                  │
│                                                                             │ │                                                  │
│                                                                             │ │                                                  │
│                                                                             │ │                                                  │
└─────────────────────────────────────────────────────────────────────────────┘ └──────────────────────────────────────────────────┘
  tab section · c checks · space mark · s sort · ? keys · q quit