‹ Mine(3) · Needs review(2) · Involved(2) ›
────────────────────────────────────────────────────────────────────────────────────────────────────────────────────────────────────
┌─ /spar ─────────────────────────────────────────────────────────────────────┐ ┌─ tuikit#58 ──────────────────────────────────────┐
│       REPO    TITLE                       AUTHOR                  ±  UPDATED│ │Sparkline: a number over time                     │
│›   ◐  tuikit  Sparkline: a number over …  richarddavenport  +611/-9       5h│ │richarddavenport wants to merge sparkline  ·  5h  │
│                                                                             │ │  no description                                  │
│                                                                             │ │                                                  │
│                                                                             │ │                                                  │
│                                                                             │ │                                                  │
│                                                                             │ │                                                  │
│                                                                             │ │                                                  │
│                                                                             │ │                                                  │
│                                                                             │ │                                                  │
│                                                                             │ │                                                  │
│                                                                             │ │                                                  │
│                                                                             │ │                                                  │
│                                                                             │ │                                                  │
│                                                                             │ │                                                  │
│                                                                             │ │                                                  │
│                                                                             │ │                                                  │
│                                                                             │ │                                                  │
│                                                                             │ │                                                  │
│                                                                             │ │                                                  │
│                                                                             │ │                                                  │
│                                                                             │ │                                                  │
│                                                                             │ │                                                  │
│                                                                             │ │                                                  │
│                                                                             │ │                                                  │
│                                                                             │ │                                                  │
│                                                                             │ │                                                  │
│                                                                             │ │                                                  │
│                                                                             │ │                                                  │
│                                                                             │ │                                                  │
│                                                                             │ │                                                  │
│                                                                             │ │                                                  │
└─────────────────────────────────────────────────────────────────────────────┘ └──────────────────────────────────────────────────┘
/spar█