/Users/richardd/Developer/richarddavenport/tuikit/docs                4 selected
┌─ .. ──────────┐┌─ . ────────────────────┐┌─ docs ────────────────────────────┐
│› tuikit       ││  ■ app                 ││  the fixture stops here           │
│  tuikit-rebui…││  ■ comp                ││                                   │
│  azctl        ││  ■ design              ││                                   │
│  pgctl        ││› ■ docs                ││                                   │
│  swarmctl     ││    gallery             ││                                   │
│  docket       ││    guard               ││                                   │
│               ││    harness             ││                                   │
│               ││    spec                ││                                   │
│               ││    theme               ││                                   │
│               ││    go.mod         812 B││                                   │
│               ││    LICENSE       1.1 kB││                                   │
│               ││    Makefile      1.7 kB││                                   │
│               ││    README.md     7.2 kB││                                   │
│               ││    logo.png     44.9 kB││                                   │
│               ││    tuikit       14.9 MB││                                   │
│               ││                        ││                                   │
│               ││                        ││                                   │
│               ││                        ││                                   │
│               ││                        ││                                   │
└───────────────┘└────────────────────────┘└───────────────────────────────────┘
  drwxr-xr-x  5h ago                                                       4/15 