┌─ CPU ────────────────────────────────┐┌─ Memory ─────────┐┌─ Network ────────┐
│                             ▆▆▆▆▆▆▆  ││RAM 11.6/16 GiB   ││rx 5 Mb/s         │
│       ┌──────────────────────────────────────────────────────────────┐       │
│       │bottom, rebuilt                                               │       │
│0  41.4│                                                              │█▆▅▄▃▂▁│
│1  19.0│moving                                                        │       │
│2  18.3│tab  next table                                               │▂▃▄▅▆▇█│
│3  24.0│j/k  move                                                     │███████│
└───────│e    expand this widget                                       │───────┘
┌─ Proce│                                                              │───────┐
│   PID │processes                                                     │    40%│
│› 1421 │s    sort by the next column                                  │    39%│
│   903 │S    reverse                                                  │    91%│
│    12 │/    filter                                                   │       │
│  2288 │                                                              │       │
│   771 │everywhere                                                    │───────┘
│  4410 │?    this                                                     │───────┐
│    88 │esc  back                                                     │   71°C│
│  9902 │q    quit                                                     │   58°C│
│       └──────────────────────────────────────────────────────────────┘   44°C│
│                                              ││  Battery                 31°C│
└──────────────────────────────────────────────┘└──────────────────────────────┘
  tab table · s sort · / filter · e expand · ? keys · q quit