┌─ Layers ───────────────────────────────────────────────────────┐ ┌─ Current Layer Contents ──────────────────────────────────────┐
│·   FROM golang:1.25-alpine                             121.0 MB│ │›   ▾ bin/                                                     │
│    RUN apk add --no-cache git make                      18.4 MB│ │        busybox                                                │
│    WORKDIR /src                                             0 B│ │  ~ ▾ root/                                                    │
│    COPY go.mod go.sum ./                                  91 kB│ │  -   ▾ .cache/                                                │
│  ! RUN go mod download                                  64.2 MB│ │  -     ▾ go-build/                                            │
│  ! COPY . .                                              4.1 MB│ │  -       ▾ 00/                                                │
│    RUN make build                                       31.7 MB│ │  -           0a1f2b3c4d                                       │
│    RUN rm -rf /root/.cache /src                           12 kB│ │  -       ▾ 3f/                                                │
│                                                                │ │  -           9c8b7a6f5e                                       │
│                                                                │ │  - ▾ src/                                                     │
│                                                                │ │  -   ▾ cmd/                                                   │
│                                                                │ │  -       main.go                                              │
│                                                                │ │  -     go.sum                                                 │
│                                                                │ │  ~ ▾ usr/                                                     │
│                                                                │ │  ~   ▾ local/                                                 │
│                                                                │ │  +     ▾ bin/                                                 │
│                                                                │ │  +         gcpeasy                                            │
│                                                                │ │                                                               │
│                                                                │ │                                                               │
│                                                                │ │                                                               │
│                                                                │ │                                                               │
│                                                                │ │                                                               │
│                                                                │ │                                                               │
│                                                                │ │                                                               │
│                                                                │ │                                                               │
└────────────────────────────────────────────────────────────────┘ │                                                               │
┌─ Layer details ────────────────────────────────────────────────┐ │                                                               │
│id      3f4d90d1                                                │ │                                                               │
│size    121.0 MB                                                │ │                                                               │
│command FROM golang:1.25-alpine                                 │ │                                                               │
│                                                                │ │                                                               │
│image                                                           │ │                                                               │
│  efficiency 62%                                                │ │                                                               │
│  wasted     67.0 MB                                            │ │                                                               │
└────────────────────────────────────────────────────────────────┘ └───────────────────────────────────────────────────────────────┘
  tab pane · space fold · a attributes · ? keys · q quit