termshark                                                             10 packets
┌─ Packets ────────────────────────────────────────────────────────────────────┐
│›     1 0.000000   10.4.1.23   → 10.4.0.1    TCP      44210 → 443 [SYN] S…    │
│      2 0.000412   10.4.0.1    → 10.4.1.23   TCP      443 → 44210 [SYN, A…    │
│      3 0.000455   10.4.1.23   → 10.4.0.1    TCP      44210 → 443 [ACK] S…    │
│      4 0.001904   10.4.1.23   → 10.4.0.1    TLSv1.3  Client Hello (SNI=a…    │
└──────────────────────────────────────────────────────────────────────────────┘
┌─ Packet structure ───────────────────────────────────────────────────────────┐
│      Source: 02:42:0a:04:01:17                                               │
│      Type: IPv4 (0x0800)                                                     │
│  ▾ Internet Protocol Version 4: Src: 10.4.1.23                               │
│      Version: 4                                                              │
│      Total Length: 569                                                       │
│      Time to Live: 64                                                        │
│›     Source Address: 10.4.1.23                                               │
└──────────────────────────────────────────────────────────────────────────────┘
┌─ Bytes ──────────────────────────────────────────────────────────────────────┐
│0000  00 07 0e 15 1c 23 2a 31 38 3f 46 4d 54 5b 62 69  .....#*18?FMT[bi       │
│0010  73 7a 81 88 8f 96 9d a4 ab b2 b9 c0 c7 ce d5 dc  sz..............       │
│0020  e6 ed f4 00 07 0e 15 1c 23 2a 31 38 3f 46 4d 54  ........#*18?FMT       │
│                                                                         3/14 │
└──────────────────────────────────────────────────────────────────────────────┘
  tab pane · space fold · m mark · / filter · ? keys · q quit