termshark                                                               5 marked
┌─ Packets ────────────────────────────────────────────────────────────────────┐
│  ■   2 0.000412   10.4.0.1    → 10.4.1.23   TCP      443 → 44210 [SYN, A…    │
│  ■   3 0.000455   10.4.1.23   → 10.4.0.1    TCP      44210 → 443 [ACK] S…    │
│  ■   4 0.001904   10.4.1.23   → 10.4.0.1    TLSv1.3  Client Hello (SNI=a…    │
│› ■   5 0.014882   10.4.0.1    → 10.4.1.23   TLSv1.3  Server Hello, Chang…    │
└──────────────────────────────────────────────────────────────────────────────┘
┌─ Packet structure ───────────────────────────────────────────────────────────┐
│› ▾ Frame 4: 583 bytes on wire                                                │
│      Arrival Time: Sep  5, 2026 09:00:00.001904                              │
│      Frame Length: 583 bytes                                                 │
│  ▾ Ethernet II: Src: 02:42:0a:04:01:17                                       │
│      Destination: 02:42:0a:04:00:01                                          │
│      Source: 02:42:0a:04:01:17                                               │
│      Type: IPv4 (0x0800)                                                     │
└──────────────────────────────────────────────────────────────────────────────┘
┌─ Bytes ──────────────────────────────────────────────────────────────────────┐
│00b0  0a 11 18 1f 26 2d 34 3b 42 49 50 57 5e 65 6c 73  ....&-4;BIPW^els       │
│00c0  7d 84 8b 92 99 a0 a7 ae 61 70 69 2e 61 63 6d 65  }.......api.acme       │
│00d0  2e 69 6e 74 65 72 6e 61 6c 34 3b 42 49 50 57 5e  .internal4;BIPW^       │
│                                                                        14/14 │
└──────────────────────────────────────────────────────────────────────────────┘
  tab pane · space fold · m mark · / filter · ? keys · q quit