gcpeasy                                                                                                                      no pods
────────────────────────────────────────────────────────────────────────────────────────────────────────────────────────────────────
┌─ projects ───────────────────────────────────────┐ ┌─ detail ────────────────────────────────────────────────────────────────────┐
│  nothing yet                                     │ │  select a pod                                                               │
│                                                  │ │                                                                             │
│                                                  │ │                                                                             │
│                                                  │ │                                                                             │
└──────────────────────────────────────────────────┘ │                                                                             │
┌─ clusters ───────────────────────────────────────┐ │                                                                             │
│  nothing yet                                     │ │                                                                             │
│                                                  │ │                                                                             │
│                                                  │ │                                                                             │
│                                                  │ │                                                                             │
└──────────────────────────────────────────────────┘ │                                                                             │
┌─ pods ───────────────────────────────────────────┐ │                                                                             │
│  nothing yet                                     │ │                                                                             │
│                                                  │ │                                                                             │
│                                                  │ │                                                                             │
│                                                  │ │                                                                             │
│                                                  │ │                                                                             │
│                                                  │ │                                                                             │
│                                                  │ │                                                                             │
│                                                  │ │                                                                             │
│                                                  │ │                                                                             │
│                                                  │ │                                                                             │
│                                                  │ │                                                                             │
│                                                  │ │                                                                             │
│                                                  │ │                                                                             │
│                                                  │ │                                                                             │
│                                                  │ │                                                                             │
│                                                  │ │                                                                             │
│                                                  │ │                                                                             │
│                                                  │ │                                                                             │
│                                                  │ │                                                                             │
│                                                  │ │                                                                             │
└──────────────────────────────────────────────────┘ └─────────────────────────────────────────────────────────────────────────────┘
  tab pane · / filter · space all · ? keys · q quit