gcpeasy  acme-staging                                                                                                needs attention
────────────────────────────────────────────────────────────────────────────────────────────────────────────────────────────────────
┌─ projects ───────────────────────────────────────┐ ┌─ detail ────────────────────────────────────────────────────────────────────┐
│    acme-prod                                     │ │  select a pod                                                               │
│    acme-sandbox                                  │ │                                                                             │
│· ● acme-staging                                  │ │                                                                             │
│                                                  │ │                                                                             │
└──────────────────────────────────────────────────┘ │                                                                             │
┌─ clusters ───────────────────────────────────────┐ │                                                                             │
│· ● apps-euw1                         europe-west1│ │                                                                             │
│  ◐ batch-euw1-b                    europe-west1-b│ │                                                                             │
│                                                  │ │                                                                             │
│                                                  │ │                                                                             │
└──────────────────────────────────────────────────┘ │                                                                             │
┌─ pods /zz ───────────────────────────────────────┐ │                                                                             │
│  nothing yet                                     │ │                                                                             │
│                                                  │ │                                                                             │
│                                                  │ │                                                                             │
│                                                  │ │                                                                             │
│                                                  │ │                                                                             │
│                                                  │ │                                                                             │
│                                                  │ │                                                                             │
│                                                  │ │                                                                             │
│                                                  │ │                                                                             │
│                                                  │ │                                                                             │
│                                                  │ │                                                                             │
│                                                  │ │                                                                             │
│                                                  │ │                                                                             │
│                                                  │ │                                                                             │
│                                                  │ │                                                                             │
│                                                  │ │                                                                             │
│                                                  │ │                                                                             │
│                                                  │ │                                                                             │
│                                                  │ │                                                                             │
│                                                  │ │                                                                             │
└──────────────────────────────────────────────────┘ └─────────────────────────────────────────────────────────────────────────────┘
  tab pane · / filter · l logs · c console · s shell · space all · ? keys · q quit