termshark                                                                                                                 10 packets
┌─ Packets ────────────────────────────────────────────────────────────────────────────────────────────────────────────────────────┐
│›     1 0.000000   10.4.1.23   → 10.4.0.1    TCP      44210 → 443 [SYN] Seq=0 Win=64240                                           │
│      2 0.000412   10.4.0.1    → 10.4.1.23   TCP      443 → 44210 [SYN, ACK] Seq=0 Ack=1                                          │
│      3 0.000455   10.4.1.23   → 10.4.0.1    TCP      44210 → 443 [ACK] Seq=1 Ack=1 Win=64256                                     │
│      4 0.001904   10.4.1.23   → 10.4.0.1    TLSv1.3  Client Hello (SNI=api.acme.internal)                                        │
│      5 0.014882   10.4.0.1    → 10.4.1.23   TLSv1.3  Server Hello, Change Cipher Spec                                            │
│      6 0.015004   10.4.1.23   → 10.4.0.1    TLSv1.3  Change Cipher Spec, Application Data                                        │
│      7 0.221740   10.4.0.1    → ┌──────────────────────────────────────────────────────────────┐                                 │
│      8 0.482013   10.4.1.23   → │termshark, rebuilt                                            │                                 │
└─────────────────────────────────│                                                              │─────────────────────────────────┘
┌─ Packet structure ──────────────│moving                                                        │─────────────────────────────────┐
│› ▾ Frame 4: 583 bytes on wire   │tab    next pane                                              │                                 │
│      Arrival Time: Sep  5, 2026 │j/k    move                                                   │                                 │
│      Frame Length: 583 bytes    │space  fold a field                                           │                                 │
│  ▾ Ethernet II: Src: 02:42:0a:04│                                                              │                                 │
│      Destination: 02:42:0a:04:00│selecting                                                     │                                 │
│      Source: 02:42:0a:04:01:17  │m      mark this packet                                       │                                 │
│      Type: IPv4 (0x0800)        │M      fill from the nearest mark                             │                                 │
│  ▾ Internet Protocol Version 4: │                                                              │                                 │
│      Version: 4                 │finding                                                       │                                 │
│      Total Length: 569          │/      display filter                                         │                                 │
│      Time to Live: 64           │                                                              │                                 │
│      Source Address: 10.4.1.23  │everywhere                                                    │                                 │
│      Destination Address: 10.4.0│?      this                                                   │                                 │
└─────────────────────────────────│esc    back                                                   │─────────────────────────────────┘
┌─ Bytes ─────────────────────────│q      quit                                                   │─────────────────────────────────┐
│0070  34 3b 42 49 50 57 5e 65 6c └──────────────────────────────────────────────────────────────┘                                 │
│0080  a7 ae b5 bc c3 ca d1 d8 df e6 ed f4 00 07 0e 15  ................                                                           │
│0090  1f 26 2d 34 3b 42 49 50 57 5e 65 6c 73 7a 81 88  .&-4;BIPW^elsz..                                                           │
│00a0  92 99 a0 a7 ae b5 bc c3 ca d1 d8 df e6 ed f4 00  ................                                                           │
│00b0  0a 11 18 1f 26 2d 34 3b 42 49 50 57 5e 65 6c 73  ....&-4;BIPW^els                                                           │
│00c0  7d 84 8b 92 99 a0 a7 ae 61 70 69 2e 61 63 6d 65  }.......api.acme                                                           │
│00d0  2e 69 6e 74 65 72 6e 61 6c 34 3b 42 49 50 57 5e  .internal4;BIPW^                                                           │
│                                                                                                                            14/14 │
└──────────────────────────────────────────────────────────────────────────────────────────────────────────────────────────────────┘
  tab pane · space fold · m mark · / filter · ? keys · q quit