‹ Mine(3) · Needs review(2) · Involved(2) ›
────────────────────────────────────────────────────────────────────────────────
┌─ is:open review-requested:@me ────────────┐ ┌─ swarmctl#129 ─────────────────┐
│       REPO        AUTHOR            ±  UPDAT│Nodes and Stacks draw borders a…│
│›   ✗  swarmctl    cruessler   +31/-44     │ │cruessler wants to merge narrow…│
│    ✓  pgctl       extrawurst  +190/-8     │ │  ✗ test                    55s │
│                                           │ │      see the log               │
│                                           │ │  ✓ lint                    18s │
│                                           │ │                                │
│                                           │ │                                │
│                                           │ │                                │
│                                           │ │                                │
│                                           │ │                                │
│                                           │ │                                │
│                                           │ │                                │
│                                           │ │                                │
│                                           │ │                                │
│                                           │ │                                │
│                                           │ │                                │
│                                           │ │                                │
│                                           │ │                                │
└───────────────────────────────────────────┘ └────────────────────────────────┘
  tab section · c checks · space mark · s sort · ? keys · q quit