‹ Mine(3) · Needs review(2) · Involved(2) ›
────────────────────────────────────────────────────────────────────────────────
┌─ /spar ───────────────────────────────────┐ ┌─ tuikit#58 ────────────────────┐
│       REPO      AUTHOR                  ±  U│Sparkline: a number over time   │
│›   ◐  tuikit    richarddavenport  +611/-9 │ │richarddavenport wants to merge…│
│                                           │ │  no description                │
│                                           │ │                                │
│                                           │ │                                │
│                                           │ │                                │
│                                           │ │                                │
│                                           │ │                                │
│                                           │ │                                │
│                                           │ │                                │
│                                           │ │                                │
│                                           │ │                                │
│                                           │ │                                │
│                                           │ │                                │
│                                           │ │                                │
│                                           │ │                                │
│                                           │ │                                │
│                                           │ │                                │
└───────────────────────────────────────────┘ └────────────────────────────────┘
/spar█