‹ Mine(3) · Needs review(2) · Involved(2) ›
────────────────────────────────────────────────────────────────────────────────
┌─ is:open author:@me ──────────────────────┐ ┌─ tuikit#61 ────────────────────┐
│       REPO      AUTHOR                  ±  U│comp.Sort: which column a table…│
│  ■ ✓  tuikit    richarddavenport  +84/-12 │ │richarddavenport wants to merge…│
│› ■ ✓  tuikit    richarddavenport  +402/-4 │ │  no description                │
│    ◐  tuikit    richarddavenport  +611/-9 │ │                                │
│                                           │ │                                │
│                                           │ │                                │
│                                           │ │                                │
│                                           │ │                                │
│                                           │ │                                │
│                                           │ │                                │
│                                           │ │                                │
│                                           │ │                                │
│                                           │ │                                │
│                                           │ │                                │
│                                           │ │                                │
│                                           │ │                                │
│                                           │ │                                │
│                                           │ │                                │
└───────────────────────────────────────────┘ └────────────────────────────────┘
  tab section · c checks · space mark · s sort · ? keys · q quit