‹ Mine(3) · Needs review(2) · Involved(2) ›
────────────────────────────────────────────────────────────────────────────────
┌─ is:open review-requested:@me ────────────┐ ┌─ swarmctl#129 ─────────────────┐
│       REPO        AUTHOR            ±  UPDAT│Nodes and Stacks draw borders a…│
│›   ✗  swarmctl    cruessler   +31/-44     │ │cruessler wants to merge narrow…│
│    ✓  pgctl       extrawurst  +190/-8     │ │At 80 columns the Nodes and Sta…│
│                                           │ │nothing inside them.            │
│                                           │ │                                │
│                                           │ │`comp.Layout` gives each a Min …│
│                                           │ │those for its top and bottom ed…│
│                                           │ │the list spends one on its stat…│
│                                           │ │                                │
│                                           │ │                                │
│                                           │ │                                │
│                                           │ │                                │
│                                           │ │                                │
│                                           │ │                                │
│                                           │ │                                │
│                                           │ │                                │
│                                           │ │                                │
│                                           │ │                            6/6 │
└───────────────────────────────────────────┘ └────────────────────────────────┘
  tab section · c checks · space mark · s sort · ? keys · q quit