‹ Status(8) · Log · Files · Stashing ›
┌─ Unstaged ───────────────────┐ ┌─ Diff ──────────────────────────────────────┐
│› M src/app.rs                │ │diff --git a/src/components/diff.rs b/src/co…│
│  M src/key┌─ gitui ──────────────────────────────────────────────┐           │
│  M asyncgi│>   type to search 10 commands                        │onent {    │
│  M CHANGEL│──────────────────────────────────────────────────────│lection {  │
│  D src/tab│ popups                         gitui has 32 of these │.selection…│
│           │  branches                    b                       │tart, self…│
│           │  commit                      c                       │           │
│           │  push                        p                       │f.selected…│
│           │  fetch                       f                       │           │
└───────────│  pull                        P                       │           │
┌─ Staged ──│  tag                         t                       │ection::Mu…│
│› M src/com│  blame this file             B                       │ngle(self.…│
│  M src/com│  log search                  L                       │           │
│  A src/pop│                                                 9/11 │           │
│           │──────────────────────────────────────────────────────│nent {     │
│           │                                                      │ {         │
│           └──────────────────────────────────────────────────────┘ne;        │
│                              │ │+        self.list.clear_range();            │
│                              │ │                                       18/19 │
└──────────────────────────────┘ └─────────────────────────────────────────────┘
  esc close one of 1 · ? keys · q quit