‹ Status(8) · Log · Files · Stashing ›
┌─ Stashes ────────────────────────────────────────────────────────────────────┐
│› e91b3c7  On master: half a popup stack                                    3h│
│  44a0d18  On master: the layout experiment                                30h│
│                                                                              │
│                                                                              │
│                                                                              │
│                                                                              │
│                                                                              │
│                                                                              │
│                                                                              │
│                                                                              │
│                                                                              │
│                                                                              │
│                                                                              │
│                                                                              │
│                                                                              │
│                                                                              │
│                                                                              │
│                                                                              │
│                                                                              │
└──────────────────────────────────────────────────────────────────────────────┘
  1-4 tab · space popups · ? keys · q quit