┌─ CPU ──────────────────────────────────────────────────────────┐┌─ Memory ──────────────────────┐┌─ Network ─────────────────────┐
│                                                       ▆▆▆▆▆▆▆  ││RAM 11.6/16 GiB                ││rx 5 Mb/s                      │
│                                                       ███████  ││                               ││     ▂▄▆▇▇█▇▇▅▄▂               │
│         ▆▇▇▇▇▇▇▇▇▇▇▆▆▅▅▄▃▃▂▁                          ███████▄▅││                               ││  ▂▅█████████████▅▂            │
│0  41.4% ██████████████████████▇▆▅▅▄▃▃▂▂▂▂▁▁▁▂▂▂▂▃▃▄▅▅▆█████████││         ▁▁▂▂▃▃▃▄▄▄▅▅▅▅▆▆▆▆▆▆▆▆││▄▇█████████████████▇▄▁         │
│                                                                ││▄▄▅▆▆▇▇████████████████████████││██████████████████████▅▂       │
│         ▃▃▃▄▄▄▅▅▅▅▅▅▅▅▅▄▄▄▄▃▃▃▂▂▁▁                             ││███████████████████████████████││████████████████████████▇▄▂    │
│1  19.0% █████████████████████████████▇▇▆▆▅▅▄▄▄▃▃▃▃▃▂▂▂▂▂▃▃▃▃▃▄▄││███████████████████████████████││████████████████████████████▆▄▃│
│                                                                ││███████████████████████████████││tx 13 Mb/s                     │
│         ▅▅▅▅▆▆▆▆▆▆▆▆▆▆▆▆▆▆▆▅▅▅▅▄▄▄▃▃▃▂▂▁▁▁                     ││███████████████████████████████││                            ▃▅█│
│2  18.3% ████████████████████████████████████▇▇▇▆▆▆▅▅▅▅▄▄▄▄▄▄▄▄▄││SWP 0.7/4 GiB                  ││                        ▁▃▆████│
│                                                                ││                               ││                     ▂▄▇███████│
│         ▇▇▇███████████▇▇▇▇▇▆▆▆▆▅▅▅▄▄▄▃▃▃▂▂▂▁▁▁                 ││                               ││█▆▄▃▁           ▂▃▄▆███████████│
│3  24.0% █████████████████████████████████████████▇▇▇▇▆▆▆▆▆▆▅▅▅▅││▁▁▁▁▁▁▂▂▂▂▂▂▂▂▂▂▂▃▃▃▃▃▃▃▃▃▃▃▃▃▄││██████▇▇▆▆▆▆▆▇▇████████████████│
└────────────────────────────────────────────────────────────────┘└───────────────────────────────┘└───────────────────────────────┘
┌─ Processes  /go ─────────────────────────────────────────────────────────────┐┌─ Disks ──────────────────────────────────────────┐
│  PID  NAME                                          USER       CPU%   MEM%  S││› /                                            40%│
│› 903  go                                            richardd  41.8%  11.9%  R││  /System/Volumes/Data                         39%│
│                                                                              ││  /Volumes/backup                              91%│
│                                                                              ││                                                  │
│                                                                              ││                                                  │
│                                                                              ││                                                  │
│                                                                              ││                                                  │
│                                                                              ││                                                  │
│                                                                              ││                                                  │
│                                                                              │└──────────────────────────────────────────────────┘
│                                                                              │┌─ Temperatures ───────────────────────────────────┐
│                                                                              ││› CPU die                                     71°C│
│                                                                              ││  GPU                                         58°C│
│                                                                              ││  NVMe                                        44°C│
│                                                                              ││  Battery                                     31°C│
│                                                                              ││                                                  │
│                                                                              ││                                                  │
│                                                                              ││                                                  │
│                                                                              ││                                                  │
└──────────────────────────────────────────────────────────────────────────────┘└──────────────────────────────────────────────────┘
  tab table · s sort · / filter · e expand · ? keys · q quit