┌─ CPU ──────────────────────────────────────────────────────────┐┌─ Memory ──────────────────────┐┌─ Network ─────────────────────┐
│                                                       ▆▆▆▆▆▆▆  ││RAM 11.6/16 GiB                ││rx 5 Mb/s                      │
│                                                       ███████  ││                               ││     ▂▄▆▇▇█▇▇▅▄▂               │
│         ▆▇▇▇▇▇▇▇▇▇▇▆▆▅▅▄▃▃▂▁                          ███████▄▅││                               ││  ▂▅█████████████▅▂            │
│0  41.4% ██████████████████████▇▆▅▅▄▃▃▂▂▂▂▁▁▁▂▂▂▂▃▃▄▅▅▆█████████││         ▁▁▂▂▃▃▃▄▄▄▅▅▅▅▆▆▆▆▆▆▆▆││▄▇█████████████████▇▄▁         │
│                                                                ││▄▄▅▆▆▇▇████████████████████████││██████████████████████▅▂       │
│         ▃▃▃▄▄▄▅▅▅▅▅▅▅▅▅▄▄▄▄▃▃▃▂▂▁▁                             ││███████████████████████████████││████████████████████████▇▄▂    │
│1  19.0% █████████████████████████████▇▇▆▆▅▅▄▄▄▃▃▃▃▃▂▂▂▂▂▃▃▃▃▃▄▄││███████████████████████████████││████████████████████████████▆▄▃│
│                                                                ││███████████████████████████████││tx 13 Mb/s                     │
│         ▅▅▅▅▆▆▆▆▆▆▆▆▆▆▆▆▆▆▆▅▅▅▅▄▄▄▃▃▃▂▂▁▁▁                     ││███████████████████████████████││                            ▃▅█│
│2  18.3% ████████████████████████████████████▇▇▇▆▆▆▅▅▅▅▄▄▄▄▄▄▄▄▄││SWP 0.7/4 GiB                  ││                        ▁▃▆████│
│                                                                ││                               ││                     ▂▄▇███████│
│         ▇▇▇███████████▇▇▇▇▇▆▆▆▆▅▅▅▄▄▄▃▃▃▂▂▂▁▁▁                 ││                               ││█▆▄▃▁           ▂▃▄▆███████████│
│3  24.0% █████████████████████████████████████████▇▇▇▇▆▆▆▆▆▆▅▅▅▅││▁▁▁▁▁▁▂▂▂▂▂▂▂▂▂▂▂▃▃▃▃▃▃▃▃▃▃▃▃▃▄││██████▇▇▆▆▆▆▆▇▇████████████████│
└────────────────────────────────────────────────────────────────┘└───────────────────────────────┘└───────────────────────────────┘
┌─ Processes ──────────────────────────────────────────────────────────────────┐┌─ Disks ──────────────────────────────────────────┐
│   PID  NAME                                         USER      CPU%↑   MEM%  S││› /                                            40%│
│› 9902  zombie-job                                   richardd   0.0%   0.0%  Z││  /System/Volumes/Data                         39%│
│    88  launchd                                      root       0.2%   0.1%  S││  /Volumes/backup                              91%│
│  4410  postgres                                     postgres   3.4%   8.2%  S││                                                  │
│   771  Terminal                                     richardd   6.1%   1.9%  S││                                                  │
│  2288  chrome                                       richardd  12.6%  22.8%  S││                                                  │
│    12  kernel_task                                  root      18.2%   0.4%  S││                                                  │
│   903  go                                           richardd  41.8%  11.9%  R││                                                  │
│  1421  gcpeasy                                      richardd  62.4%   4.1%  R││                                                  │
│                                                                              │└──────────────────────────────────────────────────┘
│                                                                              │┌─ Temperatures ───────────────────────────────────┐
│                                                                              ││› CPU die                                     71°C│
│                                                                              ││  GPU                                         58°C│
│                                                                              ││  NVMe                                        44°C│
│                                                                              ││  Battery                                     31°C│
│                                                                              ││                                                  │
│                                                                              ││                                                  │
│                                                                              ││                                                  │
│                                                                              ││                                                  │
└──────────────────────────────────────────────────────────────────────────────┘└──────────────────────────────────────────────────┘
  tab table · s sort · / filter · e expand · ? keys · q quit